V3 3
FL C:/xxx/lab4_zad/detektor6b_moora.vhd 2019/12/12.15:36:51 P.20131013
EN work/detektor6b_moora 1576161421 FL C:/xxx/lab4_zad/detektor6b_moora.vhd \
      PB ieee/std_logic_1164 1381692176
AR work/detektor6b_moora/Behavioral 1576161422 \
      FL C:/xxx/lab4_zad/detektor6b_moora.vhd EN work/detektor6b_moora 1576161421
