EN sch NULL C:/Users/lab/lab6/lab5_spartan/lab5_spartan_zad2/sch.vhf sub00/vhpl02 1579187042
AR zamak_szyfrowy_modul behavioral C:/Users/lab/lab6/lab5_spartan/lab5_spartan_zad2/zamak_szyfrowy_modul.vhd sub00/vhpl01 1579187041
EN zamak_szyfrowy_modul NULL C:/Users/lab/lab6/lab5_spartan/lab5_spartan_zad2/zamak_szyfrowy_modul.vhd sub00/vhpl00 1579187040
AR sch behavioral C:/Users/lab/lab6/lab5_spartan/lab5_spartan_zad2/sch.vhf sub00/vhpl03 1579187043
