EN sch NULL C:/Users/lab/lab6/lab5_spartan/lab5_spartan/sch.vhf sub00/vhpl02 1579181285
AR zamak_szyfrowy_modul behavioral C:/Users/lab/lab6/lab5_spartan/lab5_spartan/zamak_szyfrowy_modul.vhd sub00/vhpl01 1579181284
EN zamak_szyfrowy_modul NULL C:/Users/lab/lab6/lab5_spartan/lab5_spartan/zamak_szyfrowy_modul.vhd sub00/vhpl00 1579181283
AR sch behavioral C:/Users/lab/lab6/lab5_spartan/lab5_spartan/sch.vhf sub00/vhpl03 1579181286
